[2025-07-29T19:52:39.060Z] debug: 	Importing configs...
[2025-07-29T19:52:39.213Z] info: 	Commit hash: 7a9a346bb2a08bffb965150784ca7869741804b1
[2025-07-29T19:52:39.213Z] info: 	Build date: 1744140374083
[2025-07-29T19:52:39.419Z] info: 	Загрузчик модов: папка user/mod отсутствует, создаем...
[2025-07-29T19:52:39.464Z] info: 	Сервер: выполняем начальные коллбэки...
[2025-07-29T19:52:39.464Z] debug: 	OS: x64 | Windows 10 Pro | win32
[2025-07-29T19:52:39.465Z] debug: 	CPU: 12th Gen Intel(R) Core(TM) i7-12700F cores: 20
[2025-07-29T19:52:39.465Z] debug: 	RAM: 31.84GB
[2025-07-29T19:52:39.465Z] debug: 	PATH: RTpcU1BUXFNQVC5TZXJ2ZXIuZXhl
[2025-07-29T19:52:39.465Z] debug: 	PATH: RTpcU1BUXFNQVC5TZXJ2ZXIuZXhl
[2025-07-29T19:52:39.465Z] debug: 	Server: 3.11.3
[2025-07-29T19:52:39.465Z] debug: 	Node: 22.12.0
[2025-07-29T19:52:39.465Z] debug: 	Date: 1744140374083
[2025-07-29T19:52:39.465Z] debug: 	Commit: 7a9a346bb2a08bffb965150784ca7869741804b1
[2025-07-29T19:52:39.479Z] info: 	Импортируем базу данных...
[2025-07-29T19:53:12.035Z] info: 	Импорт базы данных завершен
[2025-07-29T19:53:12.036Z] debug: 	Database import took 32.5564s
[2025-07-29T19:53:12.044Z] debug: 	Database ID validation took 1.804ms
[2025-07-29T19:53:13.350Z] debug: 	Generating self-signed SSL certificate took: 1.2998s
[2025-07-29T19:53:13.381Z] succ: 	Запускаем веб-сервер на https://127.0.0.1:6969
[2025-07-29T19:53:13.381Z] succ: 	Запустили веб-сокет на wss://127.0.0.1:6969
[2025-07-29T19:53:13.381Z] succ: 	Сервер запущен, Удачной игры!!
[2025-07-29T19:53:13.382Z] debug: 	No profiles to backup
[2025-07-29T19:53:13.382Z] debug: 	Loading 0 profile took 0.004ms
[2025-07-29T19:53:21.429Z] debug: 	Saving 0 profile took 0.006ms
[2025-07-29T19:53:41.459Z] debug: 	Saving 0 profile took 0.01ms
[2025-07-29T19:54:01.487Z] debug: 	Saving 0 profile took 0.014ms
[2025-07-29T19:54:21.501Z] debug: 	Saving 0 profile took 0.007ms
[2025-07-29T19:54:41.529Z] debug: 	Saving 0 profile took 0.008ms
[2025-07-29T19:56:09.801Z] debug: 	Importing configs...
[2025-07-29T19:56:09.837Z] info: 	Commit hash: 7a9a346bb2a08bffb965150784ca7869741804b1
[2025-07-29T19:56:09.837Z] info: 	Build date: 1744140374083
[2025-07-29T19:56:09.856Z] info: 	Загрузчик модов: загружаем 4 мод(ов/а)...
[2025-07-29T19:56:09.856Z] info: 	Загрузчик модов: файл order.json отсутствует, создаем...
[2025-07-29T19:56:11.274Z] debug: 	Загрузчик модов: Мод Skwizzy-LootingBots-ServerMod отсутствует в файле order.json
[2025-07-29T19:56:11.274Z] debug: 	Загрузчик модов: Мод fika-server отсутствует в файле order.json
[2025-07-29T19:56:11.274Z] debug: 	Загрузчик модов: Мод zSolarint-SAIN-ServerMod отсутствует в файле order.json
[2025-07-29T19:56:11.351Z] debug: 	Mod DanW-SPTQuestingBots hash stored in ./user/cache/modCache.json
[2025-07-29T19:56:11.693Z] debug: 	Mod Skwizzy-LootingBots-ServerMod hash stored in ./user/cache/modCache.json
[2025-07-29T19:56:12.476Z] debug: 	Mod fika-server hash stored in ./user/cache/modCache.json
[2025-07-29T19:56:21.417Z] debug: 	Mod zSolarint-SAIN-ServerMod hash stored in ./user/cache/modCache.json
[2025-07-29T19:56:21.486Z] info: 	Мод SPTQuestingBots версии 0.10.2 от DanW загружен
[2025-07-29T19:56:21.487Z] info: 	Мод LootingBots-ServerMod версии 1.5.2 от Skwizzy загружен
[2025-07-29T19:56:21.487Z] info: 	Мод server версии 2.4.8 от Fika загружен
[2025-07-29T19:56:21.487Z] info: 	Мод SAIN версии 4.1.1 от zSolarint загружен
[2025-07-29T19:56:21.667Z] info: 	[Fika Server] Overriding SPT configuration
[2025-07-29T19:56:21.678Z] info: 	Сервер: выполняем начальные коллбэки...
[2025-07-29T19:56:21.678Z] debug: 	OS: x64 | Windows 10 Pro | win32
[2025-07-29T19:56:21.679Z] debug: 	CPU: 12th Gen Intel(R) Core(TM) i7-12700F cores: 20
[2025-07-29T19:56:21.679Z] debug: 	RAM: 31.84GB
[2025-07-29T19:56:21.679Z] debug: 	PATH: RTpcU1BUXFNQVC5TZXJ2ZXIuZXhl
[2025-07-29T19:56:21.679Z] debug: 	PATH: RTpcU1BUXFNQVC5TZXJ2ZXIuZXhl
[2025-07-29T19:56:21.679Z] debug: 	Server: 3.11.3
[2025-07-29T19:56:21.679Z] debug: 	Node: 22.12.0
[2025-07-29T19:56:21.679Z] debug: 	Date: 1744140374083
[2025-07-29T19:56:21.679Z] debug: 	Commit: 7a9a346bb2a08bffb965150784ca7869741804b1
[2025-07-29T19:56:21.680Z] info: 	Импортируем базу данных...
[2025-07-29T19:56:26.376Z] info: 	Импорт базы данных завершен
[2025-07-29T19:56:26.376Z] debug: 	Database import took 4.6968s
[2025-07-29T19:56:26.385Z] debug: 	Database ID validation took 1.573ms
[2025-07-29T19:56:26.388Z] info: 	[LootingBots-ServerMod] Marking items with DiscardLimits as InsuranceDisabled
[2025-07-29T19:56:26.395Z] info: 	[LootingBots-ServerMod] Global config DiscardLimitsEnabled set to false
[2025-07-29T19:56:26.425Z] succ: 	Запускаем веб-сервер на https://0.0.0.0:6969
[2025-07-29T19:56:26.425Z] succ: 	Запустили веб-сокет на wss://0.0.0.0:6969
[2025-07-29T19:56:26.425Z] succ: 	Сервер запущен, Удачной игры!!
[2025-07-29T19:56:26.426Z] debug: 	No profiles to backup
[2025-07-29T19:56:26.426Z] debug: 	Loading 0 profile took 0.004ms
[2025-07-29T19:56:26.773Z] info: 	[Questing Bots] Removed 154 blacklisted brain types from being used for PMC's and Player Scav's
[2025-07-29T19:56:26.773Z] info: 	[Questing Bots] Configuring game for bot spawning...
[2025-07-29T19:56:26.773Z] info: 	[Questing Bots] Adjusting bot hostility chances...
[2025-07-29T19:56:26.774Z] info: 	[Questing Bots] Adjusting bot hostility chances...done.
[2025-07-29T19:56:26.774Z] info: 	[Questing Bots] Disabled 136 custom PMC waves
[2025-07-29T19:56:26.774Z] info: 	[Questing Bots] Removed SPT Rogue spawn delay
[2025-07-29T19:56:26.775Z] info: 	[Questing Bots] Configuring game for bot spawning...done.
[2025-07-29T19:56:35.152Z] debug: 	Saving 0 profile took 0.007ms
[2025-07-29T19:58:47.454Z] debug: 	Importing configs...
[2025-07-29T19:58:47.491Z] info: 	Commit hash: 7a9a346bb2a08bffb965150784ca7869741804b1
[2025-07-29T19:58:47.491Z] info: 	Build date: 1744140374083
[2025-07-29T19:58:47.514Z] info: 	Загрузчик модов: загружаем 4 мод(ов/а)...
[2025-07-29T19:58:47.519Z] debug: 	Загрузчик модов: Мод Skwizzy-LootingBots-ServerMod отсутствует в файле order.json
[2025-07-29T19:58:47.519Z] debug: 	Загрузчик модов: Мод fika-server отсутствует в файле order.json
[2025-07-29T19:58:47.519Z] debug: 	Загрузчик модов: Мод zSolarint-SAIN-ServerMod отсутствует в файле order.json
[2025-07-29T19:58:47.537Z] info: 	Мод SPTQuestingBots версии 0.10.2 от DanW загружен
[2025-07-29T19:58:47.537Z] info: 	Мод LootingBots-ServerMod версии 1.5.2 от Skwizzy загружен
[2025-07-29T19:58:47.537Z] info: 	Мод server версии 2.4.8 от Fika загружен
[2025-07-29T19:58:47.537Z] info: 	Мод SAIN версии 4.1.1 от zSolarint загружен
[2025-07-29T19:58:47.593Z] info: 	[Fika Server] Overriding SPT configuration
[2025-07-29T19:58:47.604Z] info: 	Сервер: выполняем начальные коллбэки...
[2025-07-29T19:58:47.604Z] debug: 	OS: x64 | Windows 10 Pro | win32
[2025-07-29T19:58:47.604Z] debug: 	CPU: 12th Gen Intel(R) Core(TM) i7-12700F cores: 20
[2025-07-29T19:58:47.604Z] debug: 	RAM: 31.84GB
[2025-07-29T19:58:47.604Z] debug: 	PATH: RTpcU1BUXFNQVC5TZXJ2ZXIuZXhl
[2025-07-29T19:58:47.604Z] debug: 	PATH: RTpcU1BUXFNQVC5TZXJ2ZXIuZXhl
[2025-07-29T19:58:47.604Z] debug: 	Server: 3.11.3
[2025-07-29T19:58:47.604Z] debug: 	Node: 22.12.0
[2025-07-29T19:58:47.604Z] debug: 	Date: 1744140374083
[2025-07-29T19:58:47.604Z] debug: 	Commit: 7a9a346bb2a08bffb965150784ca7869741804b1
[2025-07-29T19:58:47.607Z] info: 	Импортируем базу данных...
[2025-07-29T19:58:51.241Z] info: 	Импорт базы данных завершен
[2025-07-29T19:58:51.241Z] debug: 	Database import took 3.6338s
[2025-07-29T19:58:51.250Z] debug: 	Database ID validation took 1.327ms
[2025-07-29T19:58:51.252Z] info: 	[LootingBots-ServerMod] Marking items with DiscardLimits as InsuranceDisabled
[2025-07-29T19:58:51.259Z] info: 	[LootingBots-ServerMod] Global config DiscardLimitsEnabled set to false
[2025-07-29T19:58:51.287Z] succ: 	Запускаем веб-сервер на https://0.0.0.0:6969
[2025-07-29T19:58:51.288Z] succ: 	Запустили веб-сокет на wss://0.0.0.0:6969
[2025-07-29T19:58:51.288Z] succ: 	Сервер запущен, Удачной игры!!
[2025-07-29T19:58:51.288Z] debug: 	No profiles to backup
[2025-07-29T19:58:51.289Z] debug: 	Loading 0 profile took 0.003ms
[2025-07-29T19:58:51.608Z] info: 	[Questing Bots] Removed 154 blacklisted brain types from being used for PMC's and Player Scav's
[2025-07-29T19:58:51.608Z] info: 	[Questing Bots] Configuring game for bot spawning...
[2025-07-29T19:58:51.609Z] info: 	[Questing Bots] Adjusting bot hostility chances...
[2025-07-29T19:58:51.609Z] info: 	[Questing Bots] Adjusting bot hostility chances...done.
[2025-07-29T19:58:51.609Z] info: 	[Questing Bots] Disabled 136 custom PMC waves
[2025-07-29T19:58:51.610Z] info: 	[Questing Bots] Removed SPT Rogue spawn delay
[2025-07-29T19:58:51.610Z] info: 	[Questing Bots] Configuring game for bot spawning...done.
[2025-07-29T19:58:59.258Z] debug: 	Saving 0 profile took 0.005ms
[2025-07-29T19:59:19.295Z] debug: 	Saving 0 profile took 0.005ms
[2025-07-29T19:59:39.319Z] debug: 	Saving 0 profile took 0.018ms
[2025-07-29T19:59:59.355Z] debug: 	Saving 0 profile took 0.007ms
[2025-07-29T20:00:19.399Z] debug: 	Saving 0 profile took 0.011ms
[2025-07-29T20:02:06.754Z] debug: 	Importing configs...
[2025-07-29T20:02:06.790Z] info: 	Commit hash: 7a9a346bb2a08bffb965150784ca7869741804b1
[2025-07-29T20:02:06.790Z] info: 	Build date: 1744140374083
[2025-07-29T20:02:06.808Z] info: 	Загрузчик модов: загружаем 4 мод(ов/а)...
[2025-07-29T20:02:06.813Z] debug: 	Загрузчик модов: Мод Skwizzy-LootingBots-ServerMod отсутствует в файле order.json
[2025-07-29T20:02:06.813Z] debug: 	Загрузчик модов: Мод fika-server отсутствует в файле order.json
[2025-07-29T20:02:06.813Z] debug: 	Загрузчик модов: Мод zSolarint-SAIN-ServerMod отсутствует в файле order.json
[2025-07-29T20:02:06.829Z] info: 	Мод SPTQuestingBots версии 0.10.2 от DanW загружен
[2025-07-29T20:02:06.830Z] info: 	Мод LootingBots-ServerMod версии 1.5.2 от Skwizzy загружен
[2025-07-29T20:02:06.830Z] info: 	Мод server версии 2.4.8 от Fika загружен
[2025-07-29T20:02:06.830Z] info: 	Мод SAIN версии 4.1.1 от zSolarint загружен
[2025-07-29T20:02:06.885Z] info: 	[Fika Server] Overriding SPT configuration
[2025-07-29T20:02:06.896Z] info: 	Сервер: выполняем начальные коллбэки...
[2025-07-29T20:02:06.896Z] debug: 	OS: x64 | Windows 10 Pro | win32
[2025-07-29T20:02:06.896Z] debug: 	CPU: 12th Gen Intel(R) Core(TM) i7-12700F cores: 20
[2025-07-29T20:02:06.897Z] debug: 	RAM: 31.84GB
[2025-07-29T20:02:06.897Z] debug: 	PATH: RTpcU1BUXFNQVC5TZXJ2ZXIuZXhl
[2025-07-29T20:02:06.897Z] debug: 	PATH: RTpcU1BUXFNQVC5TZXJ2ZXIuZXhl
[2025-07-29T20:02:06.897Z] debug: 	Server: 3.11.3
[2025-07-29T20:02:06.897Z] debug: 	Node: 22.12.0
[2025-07-29T20:02:06.897Z] debug: 	Date: 1744140374083
[2025-07-29T20:02:06.897Z] debug: 	Commit: 7a9a346bb2a08bffb965150784ca7869741804b1
[2025-07-29T20:02:06.899Z] info: 	Импортируем базу данных...
[2025-07-29T20:02:10.454Z] info: 	Импорт базы данных завершен
[2025-07-29T20:02:10.455Z] debug: 	Database import took 3.5554s
[2025-07-29T20:02:10.465Z] debug: 	Database ID validation took 1.16ms
[2025-07-29T20:02:10.467Z] info: 	[LootingBots-ServerMod] Marking items with DiscardLimits as InsuranceDisabled
[2025-07-29T20:02:10.474Z] info: 	[LootingBots-ServerMod] Global config DiscardLimitsEnabled set to false
[2025-07-29T20:02:10.507Z] error: 	Порт 6969 уже используется, проверьте, не запущен ли уже сервер [listen EADDRNOTAVAIL: address not available 147.185.221.24:6969]
[2025-07-29T20:02:10.509Z] error: 	Error: listen EADDRNOTAVAIL: address not available 147.185.221.24:6969
[2025-07-29T20:02:10.509Z] error: 	Error: listen EADDRNOTAVAIL: address not available 147.185.221.24:6969
[2025-07-29T20:02:10.509Z] error: 	Error: listen EADDRNOTAVAIL: address not available 147.185.221.24:6969
    at Server.setupListenHandle [as _listen2] (node:net:1890:21)
    at listenInCluster (node:net:1969:12)
    at node:net:2178:7
    at processTicksAndRejections (node:internal/process/task_queues:90:21)
[2025-07-29T20:02:10.509Z] error: 	Error: listen EADDRNOTAVAIL: address not available 147.185.221.24:6969
    at Server.setupListenHandle [as _listen2] (node:net:1890:21)
    at listenInCluster (node:net:1969:12)
    at node:net:2178:7
    at processTicksAndRejections (node:internal/process/task_queues:90:21)
[2025-07-29T20:02:10.510Z] debug: 	No profiles to backup
[2025-07-29T20:02:10.510Z] debug: 	Loading 0 profile took 0.003ms
[2025-07-29T20:02:10.828Z] info: 	[Questing Bots] Removed 154 blacklisted brain types from being used for PMC's and Player Scav's
[2025-07-29T20:02:10.829Z] info: 	[Questing Bots] Configuring game for bot spawning...
[2025-07-29T20:02:10.829Z] info: 	[Questing Bots] Adjusting bot hostility chances...
[2025-07-29T20:02:10.830Z] info: 	[Questing Bots] Adjusting bot hostility chances...done.
[2025-07-29T20:02:10.830Z] info: 	[Questing Bots] Disabled 136 custom PMC waves
[2025-07-29T20:02:10.831Z] info: 	[Questing Bots] Removed SPT Rogue spawn delay
[2025-07-29T20:02:10.831Z] info: 	[Questing Bots] Configuring game for bot spawning...done.
[2025-07-29T20:02:44.030Z] debug: 	Importing configs...
[2025-07-29T20:02:44.065Z] info: 	Commit hash: 7a9a346bb2a08bffb965150784ca7869741804b1
[2025-07-29T20:02:44.065Z] info: 	Build date: 1744140374083
[2025-07-29T20:02:44.083Z] info: 	Загрузчик модов: загружаем 4 мод(ов/а)...
[2025-07-29T20:02:44.088Z] debug: 	Загрузчик модов: Мод Skwizzy-LootingBots-ServerMod отсутствует в файле order.json
[2025-07-29T20:02:44.088Z] debug: 	Загрузчик модов: Мод fika-server отсутствует в файле order.json
[2025-07-29T20:02:44.088Z] debug: 	Загрузчик модов: Мод zSolarint-SAIN-ServerMod отсутствует в файле order.json
[2025-07-29T20:02:44.104Z] info: 	Мод SPTQuestingBots версии 0.10.2 от DanW загружен
[2025-07-29T20:02:44.105Z] info: 	Мод LootingBots-ServerMod версии 1.5.2 от Skwizzy загружен
[2025-07-29T20:02:44.105Z] info: 	Мод server версии 2.4.8 от Fika загружен
[2025-07-29T20:02:44.105Z] info: 	Мод SAIN версии 4.1.1 от zSolarint загружен
[2025-07-29T20:02:44.160Z] info: 	[Fika Server] Overriding SPT configuration
[2025-07-29T20:02:44.171Z] info: 	Сервер: выполняем начальные коллбэки...
[2025-07-29T20:02:44.171Z] debug: 	OS: x64 | Windows 10 Pro | win32
[2025-07-29T20:02:44.171Z] debug: 	CPU: 12th Gen Intel(R) Core(TM) i7-12700F cores: 20
[2025-07-29T20:02:44.172Z] debug: 	RAM: 31.84GB
[2025-07-29T20:02:44.172Z] debug: 	PATH: RTpcU1BUXFNQVC5TZXJ2ZXIuZXhl
[2025-07-29T20:02:44.172Z] debug: 	PATH: RTpcU1BUXFNQVC5TZXJ2ZXIuZXhl
[2025-07-29T20:02:44.172Z] debug: 	Server: 3.11.3
[2025-07-29T20:02:44.172Z] debug: 	Node: 22.12.0
[2025-07-29T20:02:44.172Z] debug: 	Date: 1744140374083
[2025-07-29T20:02:44.172Z] debug: 	Commit: 7a9a346bb2a08bffb965150784ca7869741804b1
[2025-07-29T20:02:44.174Z] info: 	Импортируем базу данных...
[2025-07-29T20:02:47.860Z] info: 	Импорт базы данных завершен
[2025-07-29T20:02:47.860Z] debug: 	Database import took 3.6861s
[2025-07-29T20:02:47.877Z] debug: 	Database ID validation took 1.984ms
[2025-07-29T20:02:47.881Z] info: 	[LootingBots-ServerMod] Marking items with DiscardLimits as InsuranceDisabled
[2025-07-29T20:02:47.890Z] info: 	[LootingBots-ServerMod] Global config DiscardLimitsEnabled set to false
[2025-07-29T20:02:47.922Z] error: 	Порт 49080 уже используется, проверьте, не запущен ли уже сервер [listen EADDRNOTAVAIL: address not available 147.185.221.24:49080]
[2025-07-29T20:02:47.924Z] error: 	Error: listen EADDRNOTAVAIL: address not available 147.185.221.24:49080
[2025-07-29T20:02:47.924Z] error: 	Error: listen EADDRNOTAVAIL: address not available 147.185.221.24:49080
[2025-07-29T20:02:47.925Z] error: 	Error: listen EADDRNOTAVAIL: address not available 147.185.221.24:49080
    at Server.setupListenHandle [as _listen2] (node:net:1890:21)
    at listenInCluster (node:net:1969:12)
    at node:net:2178:7
    at processTicksAndRejections (node:internal/process/task_queues:90:21)
[2025-07-29T20:02:47.924Z] error: 	Error: listen EADDRNOTAVAIL: address not available 147.185.221.24:49080
    at Server.setupListenHandle [as _listen2] (node:net:1890:21)
    at listenInCluster (node:net:1969:12)
    at node:net:2178:7
    at processTicksAndRejections (node:internal/process/task_queues:90:21)
[2025-07-29T20:02:47.925Z] debug: 	No profiles to backup
[2025-07-29T20:02:47.925Z] debug: 	Loading 0 profile took 0.003ms
[2025-07-29T20:02:48.217Z] info: 	[Questing Bots] Removed 154 blacklisted brain types from being used for PMC's and Player Scav's
[2025-07-29T20:02:48.218Z] info: 	[Questing Bots] Configuring game for bot spawning...
[2025-07-29T20:02:48.218Z] info: 	[Questing Bots] Adjusting bot hostility chances...
[2025-07-29T20:02:48.218Z] info: 	[Questing Bots] Adjusting bot hostility chances...done.
[2025-07-29T20:02:48.219Z] info: 	[Questing Bots] Disabled 136 custom PMC waves
[2025-07-29T20:02:48.219Z] info: 	[Questing Bots] Removed SPT Rogue spawn delay
[2025-07-29T20:02:48.219Z] info: 	[Questing Bots] Configuring game for bot spawning...done.
[2025-07-29T20:03:45.214Z] debug: 	Importing configs...
[2025-07-29T20:03:45.251Z] info: 	Commit hash: 7a9a346bb2a08bffb965150784ca7869741804b1
[2025-07-29T20:03:45.252Z] info: 	Build date: 1744140374083
[2025-07-29T20:03:45.271Z] info: 	Загрузчик модов: загружаем 4 мод(ов/а)...
[2025-07-29T20:03:45.275Z] debug: 	Загрузчик модов: Мод Skwizzy-LootingBots-ServerMod отсутствует в файле order.json
[2025-07-29T20:03:45.275Z] debug: 	Загрузчик модов: Мод fika-server отсутствует в файле order.json
[2025-07-29T20:03:45.275Z] debug: 	Загрузчик модов: Мод zSolarint-SAIN-ServerMod отсутствует в файле order.json
[2025-07-29T20:03:45.291Z] info: 	Мод SPTQuestingBots версии 0.10.2 от DanW загружен
[2025-07-29T20:03:45.292Z] info: 	Мод LootingBots-ServerMod версии 1.5.2 от Skwizzy загружен
[2025-07-29T20:03:45.292Z] info: 	Мод server версии 2.4.8 от Fika загружен
[2025-07-29T20:03:45.292Z] info: 	Мод SAIN версии 4.1.1 от zSolarint загружен
[2025-07-29T20:03:45.349Z] info: 	[Fika Server] Overriding SPT configuration
[2025-07-29T20:03:45.361Z] info: 	Сервер: выполняем начальные коллбэки...
[2025-07-29T20:03:45.361Z] debug: 	OS: x64 | Windows 10 Pro | win32
[2025-07-29T20:03:45.361Z] debug: 	CPU: 12th Gen Intel(R) Core(TM) i7-12700F cores: 20
[2025-07-29T20:03:45.361Z] debug: 	RAM: 31.84GB
[2025-07-29T20:03:45.361Z] debug: 	PATH: RTpcU1BUXFNQVC5TZXJ2ZXIuZXhl
[2025-07-29T20:03:45.361Z] debug: 	PATH: RTpcU1BUXFNQVC5TZXJ2ZXIuZXhl
[2025-07-29T20:03:45.361Z] debug: 	Server: 3.11.3
[2025-07-29T20:03:45.361Z] debug: 	Node: 22.12.0
[2025-07-29T20:03:45.361Z] debug: 	Date: 1744140374083
[2025-07-29T20:03:45.361Z] debug: 	Commit: 7a9a346bb2a08bffb965150784ca7869741804b1
[2025-07-29T20:03:45.364Z] info: 	Импортируем базу данных...
[2025-07-29T20:03:49.265Z] info: 	Импорт базы данных завершен
[2025-07-29T20:03:49.267Z] debug: 	Database import took 3.9026s
[2025-07-29T20:03:49.283Z] debug: 	Database ID validation took 2.09ms
[2025-07-29T20:03:49.288Z] info: 	[LootingBots-ServerMod] Marking items with DiscardLimits as InsuranceDisabled
[2025-07-29T20:03:49.298Z] info: 	[LootingBots-ServerMod] Global config DiscardLimitsEnabled set to false
[2025-07-29T20:03:49.329Z] succ: 	Запускаем веб-сервер на https://0.0.0.0:6969
[2025-07-29T20:03:49.329Z] succ: 	Запустили веб-сокет на wss://0.0.0.0:6969
[2025-07-29T20:03:49.330Z] succ: 	Сервер запущен, Удачной игры!!
[2025-07-29T20:03:49.330Z] debug: 	No profiles to backup
[2025-07-29T20:03:49.330Z] debug: 	Loading 0 profile took 0.003ms
[2025-07-29T20:03:49.637Z] info: 	[Questing Bots] Removed 154 blacklisted brain types from being used for PMC's and Player Scav's
[2025-07-29T20:03:49.637Z] info: 	[Questing Bots] Configuring game for bot spawning...
[2025-07-29T20:03:49.637Z] info: 	[Questing Bots] Adjusting bot hostility chances...
[2025-07-29T20:03:49.638Z] info: 	[Questing Bots] Adjusting bot hostility chances...done.
[2025-07-29T20:03:49.638Z] info: 	[Questing Bots] Disabled 136 custom PMC waves
[2025-07-29T20:03:49.638Z] info: 	[Questing Bots] Removed SPT Rogue spawn delay
[2025-07-29T20:03:49.639Z] info: 	[Questing Bots] Configuring game for bot spawning...done.
[2025-07-29T20:03:54.002Z] info: 	[Запрос Клиента] /launcher/server/connect
[2025-07-29T20:03:54.028Z] info: 	[Запрос Клиента] /launcher/ping
[2025-07-29T20:03:54.031Z] info: 	[Запрос Клиента] /launcher/server/version
[2025-07-29T20:03:54.036Z] info: 	[Запрос Клиента] /files/launcher/bg.png
[2025-07-29T20:03:54.062Z] info: 	[Запрос Клиента] /launcher/ping
[2025-07-29T20:03:54.271Z] info: 	[Запрос Клиента] /launcher/profiles
[2025-07-29T20:03:57.304Z] debug: 	Saving 0 profile took 0.008ms
[2025-07-29T20:04:01.682Z] info: 	[Запрос Клиента] /launcher/profile/login
[2025-07-29T20:04:04.772Z] info: 	[Запрос Клиента] /launcher/profile/register
[2025-07-29T20:04:04.804Z] info: 	[Запрос Клиента] /launcher/profile/login
[2025-07-29T20:04:04.808Z] info: 	[Запрос Клиента] /launcher/profile/get
[2025-07-29T20:04:04.813Z] info: 	[Запрос Клиента] /launcher/profile/info
[2025-07-29T20:04:04.819Z] info: 	[Запрос Клиента] /launcher/server/version
[2025-07-29T20:04:04.827Z] info: 	[Запрос Клиента] /launcher/server/loadedServerMods
[2025-07-29T20:04:04.833Z] info: 	[Запрос Клиента] /launcher/server/serverModsUsedByProfile
[2025-07-29T20:04:04.844Z] info: 	[Запрос Клиента] /launcher/profile/login
[2025-07-29T20:04:04.846Z] info: 	[Запрос Клиента] /launcher/profile/get
[2025-07-29T20:04:04.859Z] info: 	[Запрос Клиента] /launcher/profile/info
[2025-07-29T20:04:04.861Z] info: 	[Запрос Клиента] /launcher/server/version
[2025-07-29T20:04:17.369Z] debug: 	Saving 1 profile took 52.261ms
[2025-07-29T20:04:37.351Z] debug: 	Saving 1 profile took 0.226ms
[2025-07-29T20:04:47.716Z] info: 	[Запрос Клиента] /launcher/profile/login
[2025-07-29T20:04:47.720Z] info: 	[Запрос Клиента] /launcher/profile/get
[2025-07-29T20:04:47.726Z] info: 	[Запрос Клиента] /launcher/profile/info
[2025-07-29T20:04:47.729Z] info: 	[Запрос Клиента] /launcher/server/version
[2025-07-29T20:04:50.567Z] info: 	[Запрос Клиента] /launcher/profile/login
[2025-07-29T20:04:50.571Z] info: 	[Запрос Клиента] /launcher/profile/get
[2025-07-29T20:04:50.575Z] info: 	[Запрос Клиента] /launcher/profile/info
[2025-07-29T20:04:50.578Z] info: 	[Запрос Клиента] /launcher/server/version
[2025-07-29T20:04:50.945Z] info: 	[Запрос Клиента] /launcher/server/version
[2025-07-29T20:04:57.364Z] debug: 	Saving 1 profile took 0.237ms
[2025-07-29T20:05:08.765Z] info: 	[Запрос Клиента] /QuestingBots/GetConfig
[2025-07-29T20:05:09.708Z] info: 	[Запрос Клиента] /singleplayer/bosstypes
[2025-07-29T20:05:10.103Z] info: 	[Запрос Клиента] /fika/natpunchserver/config
[2025-07-29T20:05:10.493Z] info: 	[Запрос Клиента] /fika/client/config
[2025-07-29T20:05:10.587Z] info: 	[Запрос Клиента] /singleplayer/settings/bot/difficulties/
[2025-07-29T20:05:10.664Z] info: 	[Запрос Клиента] /singleplayer/settings/bot/difficulty/core/core
[2025-07-29T20:05:16.670Z] info: 	[Запрос Клиента] /fika/client/check/version
[2025-07-29T20:05:16.690Z] info: 	[Запрос Клиента] /fika/client/check/mods
[2025-07-29T20:05:17.153Z] info: 	[Запрос Клиента] /singleplayer/settings/version
[2025-07-29T20:05:17.155Z] info: 	[Запрос Клиента] /singleplayer/release
[2025-07-29T20:05:17.162Z] info: 	[Запрос Клиента] /singleplayer/moddedTraders
[2025-07-29T20:05:17.167Z] info: 	[Запрос Клиента] /singleplayer/enableBSGlogging
[2025-07-29T20:05:17.399Z] debug: 	Saving 1 profile took 0.319ms
[2025-07-29T20:05:18.829Z] info: 	[Запрос Клиента] /singleplayer/bundles
[2025-07-29T20:05:26.990Z] info: 	[Запрос Клиента] /singleplayer/settings/version
[2025-07-29T20:05:27.117Z] info: 	[Запрос Клиента] /client/menu/locale/ru
[2025-07-29T20:05:27.186Z] info: 	[Запрос Клиента] /client/game/mode
[2025-07-29T20:05:27.239Z] info: 	[Запрос Клиента] /client/game/start
[2025-07-29T20:05:27.314Z] info: 	[Запрос Клиента] /client/game/version/validate
[2025-07-29T20:05:27.366Z] info: 	[Запрос Клиента] /client/languages
[2025-07-29T20:05:27.434Z] info: 	[Запрос Клиента] /client/game/config
[2025-07-29T20:05:30.132Z] info: 	[Запрос Клиента] /client/items
[2025-07-29T20:05:35.459Z] info: 	[Запрос Клиента] /client/customization
[2025-07-29T20:05:35.616Z] info: 	[Запрос Клиента] /client/customization/storage
[2025-07-29T20:05:35.701Z] info: 	[Запрос Клиента] /client/globals
[2025-07-29T20:05:35.713Z] info: 	[Запрос Клиента] /client/trading/api/traderSettings
[2025-07-29T20:05:35.713Z] info: 	[Запрос Клиента] /client/prestige/list
[2025-07-29T20:05:35.714Z] info: 	[Запрос Клиента] /client/settings
[2025-07-29T20:05:36.368Z] info: 	[Запрос Клиента] /files/prestige/675864eb86778bc82004127c.png
[2025-07-29T20:05:36.507Z] info: 	[Запрос Клиента] /files/prestige/reward/big/6767325b9680f649230b1c89.png
[2025-07-29T20:05:36.508Z] info: 	[Запрос Клиента] /files/prestige/reward/big/676c7ffa005e2661180b0d5c.png
[2025-07-29T20:05:36.508Z] info: 	[Запрос Клиента] /files/prestige/reward/big/6767329bed053537070a13d5.png
[2025-07-29T20:05:36.509Z] info: 	[Запрос Клиента] /files/prestige/675864f826d0e0d6b602ce17.png
[2025-07-29T20:05:36.510Z] info: 	[Запрос Клиента] /files/prestige/reward/big/676732574ae0a2016608ebd7.png
[2025-07-29T20:05:36.510Z] info: 	[Запрос Клиента] /files/prestige/reward/big/676732609b1325e747028435.png
[2025-07-29T20:05:36.511Z] info: 	[Запрос Клиента] /files/prestige/reward/small/676c801645d80f6cea04f0bc.png
[2025-07-29T20:05:36.512Z] info: 	[Запрос Клиента] /files/prestige/reward/small/676733ff4fe29db8170e5a0f.png
[2025-07-29T20:05:36.512Z] info: 	[Запрос Клиента] /files/prestige/reward/small/6767340bed053537070a13da.png
[2025-07-29T20:05:36.513Z] info: 	[Запрос Клиента] /files/prestige/reward/big/6767326b276497e8c60a7e68.png
[2025-07-29T20:05:36.513Z] info: 	[Запрос Клиента] /files/prestige/reward/small/676733e5276497e8c60a7e6d.png
[2025-07-29T20:05:36.514Z] info: 	[Запрос Клиента] /files/prestige/reward/small/6767340793816ce19c0c8660.png
[2025-07-29T20:05:36.514Z] info: 	[Запрос Клиента] /files/prestige/reward/small/6767341d5b13f778d10f1950.png
[2025-07-29T20:05:36.515Z] info: 	[Запрос Клиента] /files/prestige/reward/big/6767323ff6f30887d5038c38.png
[2025-07-29T20:05:36.515Z] info: 	[Запрос Клиента] /files/prestige/reward/big/67673232a49c2307370ea305.png
[2025-07-29T20:05:36.519Z] info: 	[Запрос Клиента] /files/prestige/reward/small/676733dca49c2307370ea30f.png
[2025-07-29T20:05:36.520Z] info: 	[Запрос Клиента] /files/prestige/reward/big/6767328e276497e8c60a7e69.png
[2025-07-29T20:05:36.520Z] info: 	[Запрос Клиента] /files/prestige/reward/big/676aaff96fd0e0b7f20715db.png
[2025-07-29T20:05:36.521Z] info: 	[Запрос Клиента] /files/prestige/675864ffa4c475834b0de8ff.png
[2025-07-29T20:05:36.521Z] info: 	[Запрос Клиента] /files/prestige/675864efbe287595450c7686.png
[2025-07-29T20:05:36.522Z] info: 	[Запрос Клиента] /files/prestige/reward/big/676c7ff49767102f9807a17a.png
[2025-07-29T20:05:36.522Z] info: 	[Запрос Клиента] /files/prestige/reward/small/676ab01ff444b79e7306741b.png
[2025-07-29T20:05:36.523Z] info: 	[Запрос Клиента] /files/prestige/reward/small/676c801f9767102f9807a17b.png
[2025-07-29T20:05:36.523Z] info: 	[Запрос Клиента] /files/prestige/reward/small/676c801b77d346999f0ac3b1.png
[2025-07-29T20:05:36.524Z] info: 	[Запрос Клиента] /files/prestige/reward/small/6767343d9680f649230b1c8f.png
[2025-07-29T20:05:36.527Z] info: 	[Запрос Клиента] /files/prestige/reward/big/676c8005fa48d79dfa063bce.png
[2025-07-29T20:05:36.528Z] info: 	[Запрос Клиента] /files/prestige/reward/small/6767342c4fe29db8170e5a10.png
[2025-07-29T20:05:36.528Z] info: 	[Запрос Клиента] /files/prestige/reward/big/67673283aa94e661930dadfc.png
[2025-07-29T20:05:36.529Z] info: 	[Запрос Клиента] /files/prestige/reward/big/676732538073dabc2e06df28.png
[2025-07-29T20:05:36.529Z] info: 	[Запрос Клиента] /files/prestige/reward/small/676733fb8073dabc2e06df2c.png
[2025-07-29T20:05:36.530Z] info: 	[Запрос Клиента] /files/prestige/reward/small/676733e15b13f778d10f194e.png
[2025-07-29T20:05:36.530Z] info: 	[Запрос Клиента] /files/prestige/reward/small/67673431a49c2307370ea311.png
[2025-07-29T20:05:36.531Z] info: 	[Запрос Клиента] /files/prestige/reward/big/676732974fe29db8170e5a09.png
[2025-07-29T20:05:36.535Z] info: 	[Запрос Клиента] /files/prestige/reward/small/67673438276497e8c60a7e6f.png
[2025-07-29T20:05:36.536Z] info: 	[Запрос Клиента] /files/prestige/reward/big/676732768073dabc2e06df29.png
[2025-07-29T20:05:36.537Z] info: 	[Запрос Клиента] /files/prestige/reward/small/676734278073dabc2e06df2d.png
[2025-07-29T20:05:36.537Z] info: 	[Запрос Клиента] /files/prestige/reward/small/676734355b13f778d10f1951.png
[2025-07-29T20:05:36.538Z] info: 	[Запрос Клиента] /files/prestige/reward/big/676732928073dabc2e06df2a.png
[2025-07-29T20:05:36.538Z] info: 	[Запрос Клиента] /files/prestige/reward/big/67673244378a51df670bc6c8.png
[2025-07-29T20:05:36.539Z] info: 	[Запрос Клиента] /client/game/profile/list
[2025-07-29T20:05:36.539Z] info: 	[Запрос Клиента] /files/prestige/reward/small/676733ea1814da542d050f2c.png
[2025-07-29T20:05:36.540Z] info: 	[Запрос Клиента] /files/prestige/reward/big/67673239b3ee94a38c056c27.png
[2025-07-29T20:05:37.406Z] info: 	[Запрос Клиента] /client/locale/ru
[2025-07-29T20:05:37.455Z] debug: 	Saving 1 profile took 0.242ms
[2025-07-29T20:05:37.779Z] info: 	[Запрос Клиента] /client/game/profile/nickname/reserved
[2025-07-29T20:05:37.868Z] info: 	[Запрос Клиента] /client/game/profile/nickname/validate
[2025-07-29T20:05:43.976Z] info: 	[Запрос Клиента] /launcher/profile/info
[2025-07-29T20:05:43.980Z] info: 	[Запрос Клиента] /launcher/server/version
[2025-07-29T20:05:45.436Z] info: 	[Запрос Клиента] /launcher/profile/login
[2025-07-29T20:05:45.439Z] info: 	[Запрос Клиента] /launcher/profile/get
[2025-07-29T20:05:45.442Z] info: 	[Запрос Клиента] /launcher/profile/info
[2025-07-29T20:05:45.445Z] info: 	[Запрос Клиента] /launcher/server/version
[2025-07-29T20:05:45.449Z] info: 	[Запрос Клиента] /launcher/server/version
[2025-07-29T20:05:51.548Z] info: 	[Запрос Клиента] /QuestingBots/GetConfig
[2025-07-29T20:05:52.432Z] info: 	[Запрос Клиента] /singleplayer/bosstypes
[2025-07-29T20:05:52.873Z] info: 	[Запрос Клиента] /fika/natpunchserver/config
[2025-07-29T20:05:53.288Z] info: 	[Запрос Клиента] /fika/client/config
[2025-07-29T20:05:53.321Z] info: 	[Запрос Клиента] /singleplayer/settings/bot/difficulties/
[2025-07-29T20:05:53.405Z] info: 	[Запрос Клиента] /singleplayer/settings/bot/difficulty/core/core
[2025-07-29T20:05:55.796Z] info: 	[Запрос Клиента] /launcher/profile/info
[2025-07-29T20:05:55.799Z] info: 	[Запрос Клиента] /launcher/server/version
[2025-07-29T20:05:57.321Z] info: 	[Запрос Клиента] /singleplayer/settings/version
[2025-07-29T20:05:57.323Z] info: 	[Запрос Клиента] /singleplayer/release
[2025-07-29T20:05:57.328Z] info: 	[Запрос Клиента] /singleplayer/moddedTraders
[2025-07-29T20:05:57.332Z] info: 	[Запрос Клиента] /singleplayer/enableBSGlogging
[2025-07-29T20:05:57.494Z] debug: 	Saving 1 profile took 0.296ms
[2025-07-29T20:05:57.752Z] info: 	[Запрос Клиента] /singleplayer/bundles
[2025-07-29T20:05:59.129Z] info: 	[Запрос Клиента] /fika/client/check/version
[2025-07-29T20:05:59.157Z] info: 	[Запрос Клиента] /fika/client/check/mods
[2025-07-29T20:06:01.872Z] info: 	[Запрос Клиента] /singleplayer/settings/version
[2025-07-29T20:06:01.954Z] info: 	[Запрос Клиента] /client/menu/locale/ru
[2025-07-29T20:06:02.023Z] info: 	[Запрос Клиента] /client/game/mode
[2025-07-29T20:06:02.073Z] info: 	[Запрос Клиента] /client/game/start
[2025-07-29T20:06:02.139Z] info: 	[Запрос Клиента] /client/game/version/validate
[2025-07-29T20:06:02.192Z] info: 	[Запрос Клиента] /client/languages
[2025-07-29T20:06:02.249Z] info: 	[Запрос Клиента] /client/game/config
[2025-07-29T20:06:03.897Z] info: 	[Запрос Клиента] /client/items
[2025-07-29T20:06:08.663Z] info: 	[Запрос Клиента] /client/customization
[2025-07-29T20:06:08.826Z] info: 	[Запрос Клиента] /client/customization/storage
[2025-07-29T20:06:08.899Z] info: 	[Запрос Клиента] /client/globals
[2025-07-29T20:06:08.916Z] info: 	[Запрос Клиента] /client/trading/api/traderSettings
[2025-07-29T20:06:08.917Z] info: 	[Запрос Клиента] /client/prestige/list
[2025-07-29T20:06:08.917Z] info: 	[Запрос Клиента] /client/settings
[2025-07-29T20:06:09.513Z] info: 	[Запрос Клиента] /files/prestige/675864eb86778bc82004127c.png
[2025-07-29T20:06:09.514Z] info: 	[Запрос Клиента] /files/prestige/reward/big/676732574ae0a2016608ebd7.png
[2025-07-29T20:06:09.514Z] info: 	[Запрос Клиента] /files/prestige/reward/small/676c801645d80f6cea04f0bc.png
[2025-07-29T20:06:09.515Z] info: 	[Запрос Клиента] /files/prestige/675864f826d0e0d6b602ce17.png
[2025-07-29T20:06:09.515Z] info: 	[Запрос Клиента] /files/prestige/reward/big/6767329bed053537070a13d5.png
[2025-07-29T20:06:09.515Z] info: 	[Запрос Клиента] /files/prestige/reward/big/6767326b276497e8c60a7e68.png
[2025-07-29T20:06:09.515Z] info: 	[Запрос Клиента] /files/prestige/reward/small/6767341d5b13f778d10f1950.png
[2025-07-29T20:06:09.516Z] info: 	[Запрос Клиента] /files/prestige/reward/small/676733ff4fe29db8170e5a0f.png
[2025-07-29T20:06:09.516Z] info: 	[Запрос Клиента] /files/prestige/reward/big/676732609b1325e747028435.png
[2025-07-29T20:06:09.516Z] info: 	[Запрос Клиента] /files/prestige/reward/small/67673431a49c2307370ea311.png
[2025-07-29T20:06:09.516Z] info: 	[Запрос Клиента] /files/prestige/reward/big/67673232a49c2307370ea305.png
[2025-07-29T20:06:09.517Z] info: 	[Запрос Клиента] /files/prestige/reward/small/6767340793816ce19c0c8660.png
[2025-07-29T20:06:09.517Z] info: 	[Запрос Клиента] /files/prestige/reward/small/676c801b77d346999f0ac3b1.png
[2025-07-29T20:06:09.517Z] info: 	[Запрос Клиента] /files/prestige/reward/small/676733e5276497e8c60a7e6d.png
[2025-07-29T20:06:09.517Z] info: 	[Запрос Клиента] /files/prestige/reward/small/6767340bed053537070a13da.png
[2025-07-29T20:06:09.517Z] info: 	[Запрос Клиента] /files/prestige/reward/big/676c7ffa005e2661180b0d5c.png
[2025-07-29T20:06:09.518Z] info: 	[Запрос Клиента] /files/prestige/reward/small/676733dca49c2307370ea30f.png
[2025-07-29T20:06:09.518Z] info: 	[Запрос Клиента] /files/prestige/reward/big/6767325b9680f649230b1c89.png
[2025-07-29T20:06:09.518Z] info: 	[Запрос Клиента] /files/prestige/reward/big/6767328e276497e8c60a7e69.png
[2025-07-29T20:06:09.518Z] info: 	[Запрос Клиента] /files/prestige/reward/big/6767323ff6f30887d5038c38.png
[2025-07-29T20:06:09.518Z] info: 	[Запрос Клиента] /files/prestige/675864ffa4c475834b0de8ff.png
[2025-07-29T20:06:09.518Z] info: 	[Запрос Клиента] /files/prestige/reward/big/676c8005fa48d79dfa063bce.png
[2025-07-29T20:06:09.519Z] info: 	[Запрос Клиента] /files/prestige/675864efbe287595450c7686.png
[2025-07-29T20:06:09.519Z] info: 	[Запрос Клиента] /files/prestige/reward/small/676733e15b13f778d10f194e.png
[2025-07-29T20:06:09.519Z] info: 	[Запрос Клиента] /files/prestige/reward/small/676ab01ff444b79e7306741b.png
[2025-07-29T20:06:09.520Z] info: 	[Запрос Клиента] /files/prestige/reward/small/6767343d9680f649230b1c8f.png
[2025-07-29T20:06:09.520Z] info: 	[Запрос Клиента] /files/prestige/reward/small/676c801f9767102f9807a17b.png
[2025-07-29T20:06:09.522Z] info: 	[Запрос Клиента] /files/prestige/reward/big/67673283aa94e661930dadfc.png
[2025-07-29T20:06:09.522Z] info: 	[Запрос Клиента] /files/prestige/reward/small/676733fb8073dabc2e06df2c.png
[2025-07-29T20:06:09.522Z] info: 	[Запрос Клиента] /files/prestige/reward/big/676aaff96fd0e0b7f20715db.png
[2025-07-29T20:06:09.523Z] info: 	[Запрос Клиента] /files/prestige/reward/big/676c7ff49767102f9807a17a.png
[2025-07-29T20:06:09.523Z] info: 	[Запрос Клиента] /files/prestige/reward/small/67673438276497e8c60a7e6f.png
[2025-07-29T20:06:09.523Z] info: 	[Запрос Клиента] /files/prestige/reward/small/6767342c4fe29db8170e5a10.png
[2025-07-29T20:06:09.525Z] info: 	[Запрос Клиента] /files/prestige/reward/big/676732538073dabc2e06df28.png
[2025-07-29T20:06:09.526Z] info: 	[Запрос Клиента] /files/prestige/reward/big/67673239b3ee94a38c056c27.png
[2025-07-29T20:06:09.526Z] info: 	[Запрос Клиента] /files/prestige/reward/small/676734278073dabc2e06df2d.png
[2025-07-29T20:06:09.526Z] info: 	[Запрос Клиента] /files/prestige/reward/big/67673244378a51df670bc6c8.png
[2025-07-29T20:06:09.526Z] info: 	[Запрос Клиента] /files/prestige/reward/big/676732928073dabc2e06df2a.png
[2025-07-29T20:06:09.527Z] info: 	[Запрос Клиента] /files/prestige/reward/small/676734355b13f778d10f1951.png
[2025-07-29T20:06:09.527Z] info: 	[Запрос Клиента] /files/prestige/reward/big/676732768073dabc2e06df29.png
[2025-07-29T20:06:09.527Z] info: 	[Запрос Клиента] /files/prestige/reward/big/676732974fe29db8170e5a09.png
[2025-07-29T20:06:09.527Z] info: 	[Запрос Клиента] /client/game/profile/list
[2025-07-29T20:06:09.531Z] info: 	[Запрос Клиента] /files/prestige/reward/small/676733ea1814da542d050f2c.png
[2025-07-29T20:06:10.638Z] info: 	[Запрос Клиента] /client/locale/ru
[2025-07-29T20:06:11.043Z] info: 	[Запрос Клиента] /client/game/profile/nickname/reserved
[2025-07-29T20:06:11.133Z] info: 	[Запрос Клиента] /client/game/profile/nickname/validate
[2025-07-29T20:06:17.554Z] debug: 	Saving 1 profile took 0.229ms
[2025-07-29T20:06:37.582Z] debug: 	Saving 1 profile took 0.381ms
[2025-07-29T20:06:41.020Z] info: 	[Запрос Клиента] /client/game/profile/create
[2025-07-29T20:06:41.038Z] debug: 	Quest production unlock validation took 0.008ms
[2025-07-29T20:06:41.038Z] debug: 	Updating generator area slots to a size of 6 + hideout management skill
[2025-07-29T20:06:41.038Z] debug: 	Updating water collector area slots to a size of 1 + hideout management skill
[2025-07-29T20:06:41.038Z] debug: 	Updating air filter area slots to a size of 3 + hideout management skill
[2025-07-29T20:06:41.039Z] debug: 	Updating bitcoin farm area slots to a size of 50 + hideout management skill
[2025-07-29T20:06:41.039Z] debug: 	generated player scav loadout with karma level 0
[2025-07-29T20:06:41.879Z] info: 	[Запрос Клиента] /client/customization/storage
[2025-07-29T20:06:41.928Z] info: 	[Запрос Клиента] /client/game/profile/list
[2025-07-29T20:06:42.054Z] info: 	[Запрос Клиента] /client/game/profile/select
[2025-07-29T20:06:42.109Z] info: 	[Запрос Клиента] /client/profile/status
[2025-07-29T20:06:42.172Z] info: 	[Запрос Клиента] /client/weather
[2025-07-29T20:06:42.174Z] info: 	[Запрос Клиента] /client/locations
[2025-07-29T20:06:42.174Z] debug: 	Map: base has no base json file, skipping generation
[2025-07-29T20:06:42.962Z] info: 	[Запрос Клиента] /client/handbook/templates
[2025-07-29T20:06:43.987Z] info: 	[Запрос Клиента] /singleplayer/log
[2025-07-29T20:06:43.988Z] info: 	[Questing Bots] Validated all quest files
[2025-07-29T20:06:46.012Z] info: 	[Запрос Клиента] /client/hideout/areas
[2025-07-29T20:06:46.103Z] info: 	[Запрос Клиента] /client/hideout/qte/list
[2025-07-29T20:06:46.156Z] info: 	[Запрос Клиента] /client/hideout/settings
[2025-07-29T20:06:46.191Z] info: 	[Запрос Клиента] /client/hideout/production/recipes
[2025-07-29T20:06:46.293Z] info: 	[Запрос Клиента] /client/hideout/customization/offer/list
[2025-07-29T20:06:46.360Z] info: 	[Запрос Клиента] /client/builds/list
[2025-07-29T20:06:46.453Z] debug: 	[Fika Notification Manager] User is 68892934000300b292cf13fc
[2025-07-29T20:06:46.454Z] debug: 	[Fika Presence] Adding player: Skippie
[2025-07-29T20:06:46.454Z] info: 	WebSocketHandler "Fika Notification Manager" connected
[2025-07-29T20:06:48.073Z] info: 	[Запрос Клиента] /singleplayer/log
[2025-07-29T20:06:48.074Z] debug: 	[SPT.Core] 1184960
[2025-07-29T20:06:48.075Z] info: 	[Запрос Клиента] /singleplayer/log
[2025-07-29T20:06:48.075Z] debug: 	[SPT.Core] 1498960
[2025-07-29T20:06:48.076Z] info: 	[Запрос Клиента] /singleplayer/log
[2025-07-29T20:06:48.076Z] debug: 	[SPT.Core] 0
[2025-07-29T20:06:48.951Z] info: 	[Запрос Клиента] /client/profile/status
[2025-07-29T20:06:48.952Z] info: 	[Запрос Клиента] /client/notifier/channel/create
[2025-07-29T20:06:48.953Z] info: 	[Запрос Клиента] /client/server/list
[2025-07-29T20:06:48.953Z] info: 	[Запрос Клиента] /client/match/group/current
[2025-07-29T20:06:48.953Z] info: 	[Запрос Клиента] /client/friend/list
[2025-07-29T20:06:48.953Z] info: 	[Запрос Клиента] /client/friend/request/list/inbox
[2025-07-29T20:06:48.954Z] info: 	[Запрос Клиента] /client/friend/request/list/outbox
[2025-07-29T20:06:48.954Z] info: 	[Запрос Клиента] /client/mail/dialog/list
[2025-07-29T20:06:48.954Z] info: 	[Запрос Клиента] /client/quest/list
[2025-07-29T20:06:50.556Z] info: 	[WS] Игрок: Skippie (68892934000300b292cf13fc) присоединился
[2025-07-29T20:06:50.556Z] info: 	WebSocketHandler "SPT WebSocket Handler" connected
[2025-07-29T20:06:50.578Z] info: 	[Запрос Клиента] /client/achievement/statistic
[2025-07-29T20:06:50.628Z] info: 	[Запрос Клиента] /client/achievement/list
[2025-07-29T20:06:50.768Z] info: 	[Запрос Клиента] /client/repeatalbeQuests/activityPeriods
[2025-07-29T20:06:50.768Z] debug: 	Daily scav quests still locked, Intel center not built
[2025-07-29T20:06:50.822Z] info: 	[Запрос Клиента] /client/survey
[2025-07-29T20:06:52.062Z] info: 	[Запрос Клиента] /fika/presence/get
[2025-07-29T20:06:55.804Z] info: 	[Запрос Клиента] /launcher/profile/info
[2025-07-29T20:06:55.807Z] info: 	[Запрос Клиента] /launcher/server/version
[2025-07-29T20:06:57.654Z] debug: 	Saving 1 profile took 25.924ms
[2025-07-29T20:07:02.907Z] info: 	[Запрос Клиента] /fika/presence/get
[2025-07-29T20:07:12.922Z] info: 	[Запрос Клиента] /fika/presence/get
[2025-07-29T20:07:17.659Z] debug: 	Saving 1 profile took 1.001ms
[2025-07-29T20:07:22.930Z] info: 	[Запрос Клиента] /fika/presence/get
[2025-07-29T20:07:32.944Z] info: 	[Запрос Клиента] /fika/presence/get
[2025-07-29T20:07:37.674Z] debug: 	Saving 1 profile took 1.502ms
[2025-07-29T20:07:42.945Z] info: 	[Запрос Клиента] /fika/presence/get
[2025-07-29T20:07:52.952Z] info: 	[Запрос Клиента] /fika/presence/get
[2025-07-29T20:07:55.808Z] info: 	[Запрос Клиента] /launcher/profile/info
[2025-07-29T20:07:55.810Z] info: 	[Запрос Клиента] /launcher/server/version
[2025-07-29T20:07:57.698Z] debug: 	Saving 1 profile took 0.915ms
[2025-07-29T20:08:03.137Z] info: 	[Запрос Клиента] /fika/presence/get
[2025-07-29T20:08:13.141Z] info: 	[Запрос Клиента] /fika/presence/get
[2025-07-29T20:08:17.732Z] debug: 	Saving 1 profile took 1.077ms
[2025-07-29T20:08:20.559Z] debug: 	[WS] Пингуем игрока: 68892934000300b292cf13fc
[2025-07-29T20:08:23.142Z] info: 	[Запрос Клиента] /fika/presence/get
[2025-07-29T20:08:33.144Z] info: 	[Запрос Клиента] /fika/presence/get
[2025-07-29T20:08:37.757Z] debug: 	Saving 1 profile took 0.963ms
[2025-07-29T20:08:43.152Z] info: 	[Запрос Клиента] /fika/presence/get
[2025-07-29T20:08:53.167Z] info: 	[Запрос Клиента] /fika/presence/get
[2025-07-29T20:08:55.800Z] info: 	[Запрос Клиента] /launcher/profile/info
[2025-07-29T20:08:55.802Z] info: 	[Запрос Клиента] /launcher/server/version
[2025-07-29T20:08:57.787Z] debug: 	Saving 1 profile took 0.937ms
[2025-07-29T20:09:03.168Z] info: 	[Запрос Клиента] /fika/presence/get
[2025-07-29T20:09:10.858Z] info: 	[Запрос Клиента] /client/game/keepalive
[2025-07-29T20:09:13.179Z] info: 	[Запрос Клиента] /fika/presence/get
[2025-07-29T20:09:18.049Z] debug: 	Saving 1 profile took 231.151ms
[2025-07-29T20:09:23.184Z] info: 	[Запрос Клиента] /fika/presence/get
[2025-07-29T20:09:33.196Z] info: 	[Запрос Клиента] /fika/presence/get
[2025-07-29T20:09:38.341Z] debug: 	Saving 1 profile took 461.154ms
[2025-07-29T20:09:43.334Z] info: 	[Запрос Клиента] /fika/presence/get
[2025-07-29T20:09:50.559Z] debug: 	[WS] Пингуем игрока: 68892934000300b292cf13fc
[2025-07-29T20:09:53.340Z] info: 	[Запрос Клиента] /fika/presence/get
[2025-07-29T20:09:55.795Z] info: 	[Запрос Клиента] /launcher/profile/info
[2025-07-29T20:09:55.797Z] info: 	[Запрос Клиента] /launcher/server/version
[2025-07-29T20:09:58.054Z] debug: 	Saving 1 profile took 155.557ms
[2025-07-29T20:10:03.352Z] info: 	[Запрос Клиента] /fika/presence/get
[2025-07-29T20:10:13.358Z] info: 	[Запрос Клиента] /fika/presence/get
[2025-07-29T20:10:18.288Z] debug: 	Saving 1 profile took 359.161ms
[2025-07-29T20:10:23.376Z] info: 	[Запрос Клиента] /fika/presence/get
[2025-07-29T20:10:33.382Z] info: 	[Запрос Клиента] /fika/presence/get
[2025-07-29T20:10:38.965Z] debug: 	Saving 1 profile took 999.807ms
[2025-07-29T20:10:43.397Z] info: 	[Запрос Клиента] /fika/presence/get
[2025-07-29T20:10:53.412Z] info: 	[Запрос Клиента] /fika/presence/get
[2025-07-29T20:10:55.803Z] info: 	[Запрос Клиента] /launcher/profile/info
[2025-07-29T20:10:55.806Z] info: 	[Запрос Клиента] /launcher/server/version
[2025-07-29T20:10:59.092Z] debug: 	Saving 1 profile took 1097.881ms
[2025-07-29T20:11:03.421Z] info: 	[Запрос Клиента] /fika/presence/get
[2025-07-29T20:11:13.430Z] info: 	[Запрос Клиента] /fika/presence/get
[2025-07-29T20:11:19.239Z] debug: 	Saving 1 profile took 1121.089ms
[2025-07-29T20:11:20.560Z] debug: 	[WS] Пингуем игрока: 68892934000300b292cf13fc
[2025-07-29T20:11:23.079Z] info: 	[Запрос клиента] 127.234.199.150 \new\login
[2025-07-29T20:11:23.080Z] error: 	[НЕОБРАБОТАННЫЙ][/new/login]
[2025-07-29T20:11:23.081Z] info: 	[object Object]
[2025-07-29T20:11:23.314Z] info: 	[Запрос клиента] 127.134.178.31 \
[2025-07-29T20:11:23.315Z] error: 	[НЕОБРАБОТАННЫЙ][/]
[2025-07-29T20:11:23.315Z] info: 	[object Object]
[2025-07-29T20:11:23.436Z] info: 	[Запрос Клиента] /fika/presence/get
[2025-07-29T20:11:23.446Z] info: 	[Запрос клиента] 127.134.178.31 \admin\console\index.html
[2025-07-29T20:11:23.446Z] error: 	[НЕОБРАБОТАННЫЙ][/admin/console/index.html]
[2025-07-29T20:11:23.447Z] info: 	[object Object]
[2025-07-29T20:11:23.544Z] info: 	[Запрос клиента] 127.134.178.31 \covenantuser\login
[2025-07-29T20:11:23.544Z] error: 	[НЕОБРАБОТАННЫЙ][/covenantuser/login]
[2025-07-29T20:11:23.545Z] info: 	[object Object]
[2025-07-29T20:11:23.897Z] info: 	[Запрос клиента] 127.134.178.31 \login
[2025-07-29T20:11:23.898Z] error: 	[НЕОБРАБОТАННЫЙ][/login]
[2025-07-29T20:11:23.898Z] info: 	[object Object]
[2025-07-29T20:11:30.893Z] info: 	[Запрос Клиента] /client/game/keepalive
[2025-07-29T20:11:33.449Z] info: 	[Запрос Клиента] /fika/presence/get
[2025-07-29T20:11:38.355Z] debug: 	Saving 1 profile took 304.515ms
[2025-07-29T20:11:43.455Z] info: 	[Запрос Клиента] /fika/presence/get
[2025-07-29T20:11:49.406Z] info: 	[Запрос Клиента] /fika/presence/get
[2025-07-29T20:11:53.489Z] info: 	[Запрос Клиента] /fika/presence/get
[2025-07-29T20:11:55.804Z] info: 	[Запрос Клиента] /launcher/profile/info
[2025-07-29T20:11:55.806Z] info: 	[Запрос Клиента] /launcher/server/version
[2025-07-29T20:11:58.173Z] debug: 	Saving 1 profile took 80.49ms
[2025-07-29T20:12:03.503Z] info: 	[Запрос Клиента] /fika/presence/get
[2025-07-29T20:12:13.520Z] info: 	[Запрос Клиента] /fika/presence/get
[2025-07-29T20:12:19.195Z] debug: 	Saving 1 profile took 1055.006ms
[2025-07-29T20:12:23.529Z] info: 	[Запрос Клиента] /fika/presence/get
[2025-07-29T20:12:33.542Z] info: 	[Запрос Клиента] /fika/presence/get
[2025-07-29T20:12:38.375Z] debug: 	Saving 1 profile took 106.951ms
[2025-07-29T20:12:43.563Z] info: 	[Запрос Клиента] /fika/presence/get
[2025-07-29T20:12:50.561Z] debug: 	[WS] Пингуем игрока: 68892934000300b292cf13fc
[2025-07-29T20:12:52.534Z] info: 	[Запрос Клиента] /fika/presence/get
[2025-07-29T20:12:53.590Z] info: 	[Запрос Клиента] /fika/presence/get
[2025-07-29T20:12:55.805Z] info: 	[Запрос Клиента] /launcher/profile/info
[2025-07-29T20:12:55.808Z] info: 	[Запрос Клиента] /launcher/server/version
[2025-07-29T20:12:57.600Z] info: 	[Запрос Клиента] /fika/presence/get
[2025-07-29T20:12:59.199Z] debug: 	Saving 1 profile took 987.678ms
[2025-07-29T20:13:03.637Z] info: 	[Запрос Клиента] /fika/presence/get
[2025-07-29T20:13:13.644Z] info: 	[Запрос Клиента] /fika/presence/get
[2025-07-29T20:13:19.017Z] debug: 	Saving 1 profile took 790.476ms
[2025-07-29T20:13:23.653Z] info: 	[Запрос Клиента] /fika/presence/get
[2025-07-29T20:13:33.658Z] info: 	[Запрос Клиента] /fika/presence/get
[2025-07-29T20:13:38.748Z] info: 	[Запрос Клиента] /fika/presence/get
[2025-07-29T20:13:39.099Z] debug: 	Saving 1 profile took 830.045ms
[2025-07-29T20:13:41.007Z] info: 	[Запрос Клиента] /client/match/group/invite/cancel-all
[2025-07-29T20:13:41.058Z] info: 	[Запрос Клиента] /client/game/logout
[2025-07-29T20:13:42.367Z] debug: 	[Fika Notification Manager] Deleting client 68892934000300b292cf13fc
[2025-07-29T20:13:43.799Z] info: 	[Запрос Клиента] /launcher/profile/info
[2025-07-29T20:13:43.802Z] info: 	[Запрос Клиента] /launcher/server/version
[2025-07-29T20:13:49.308Z] debug: 	Importing configs...
[2025-07-29T20:13:49.345Z] info: 	Commit hash: 7a9a346bb2a08bffb965150784ca7869741804b1
[2025-07-29T20:13:49.345Z] info: 	Build date: 1744140374083
[2025-07-29T20:13:49.363Z] info: 	Загрузчик модов: загружаем 4 мод(ов/а)...
[2025-07-29T20:13:49.368Z] debug: 	Загрузчик модов: Мод Skwizzy-LootingBots-ServerMod отсутствует в файле order.json
[2025-07-29T20:13:49.368Z] debug: 	Загрузчик модов: Мод fika-server отсутствует в файле order.json
[2025-07-29T20:13:49.368Z] debug: 	Загрузчик модов: Мод zSolarint-SAIN-ServerMod отсутствует в файле order.json
[2025-07-29T20:13:49.384Z] info: 	Мод SPTQuestingBots версии 0.10.2 от DanW загружен
[2025-07-29T20:13:49.385Z] info: 	Мод LootingBots-ServerMod версии 1.5.2 от Skwizzy загружен
[2025-07-29T20:13:49.385Z] info: 	Мод server версии 2.4.8 от Fika загружен
[2025-07-29T20:13:49.385Z] info: 	Мод SAIN версии 4.1.1 от zSolarint загружен
[2025-07-29T20:13:49.441Z] info: 	[Fika Server] Overriding SPT configuration
[2025-07-29T20:13:49.454Z] info: 	Сервер: выполняем начальные коллбэки...
[2025-07-29T20:13:49.454Z] debug: 	OS: x64 | Windows 10 Pro | win32
[2025-07-29T20:13:49.454Z] debug: 	CPU: 12th Gen Intel(R) Core(TM) i7-12700F cores: 20
[2025-07-29T20:13:49.454Z] debug: 	RAM: 31.84GB
[2025-07-29T20:13:49.454Z] debug: 	PATH: RTpcU1BUXFNQVC5TZXJ2ZXIuZXhl
[2025-07-29T20:13:49.454Z] debug: 	PATH: RTpcU1BUXFNQVC5TZXJ2ZXIuZXhl
[2025-07-29T20:13:49.454Z] debug: 	Server: 3.11.3
[2025-07-29T20:13:49.454Z] debug: 	Node: 22.12.0
[2025-07-29T20:13:49.454Z] debug: 	Date: 1744140374083
[2025-07-29T20:13:49.454Z] debug: 	Commit: 7a9a346bb2a08bffb965150784ca7869741804b1
[2025-07-29T20:13:49.457Z] info: 	Импортируем базу данных...
[2025-07-29T20:13:49.524Z] debug: 	Ошибка проверки файлов для файла: SPT_Data/Server/database/locales/server/ru.json
[2025-07-29T20:13:54.062Z] info: 	Импорт базы данных завершен.
[2025-07-29T20:13:54.063Z] debug: 	Database import took 4.6058s
[2025-07-29T20:13:54.077Z] debug: 	Database ID validation took 2.024ms
[2025-07-29T20:13:54.082Z] info: 	[LootingBots-ServerMod] Marking items with DiscardLimits as InsuranceDisabled
[2025-07-29T20:13:54.093Z] info: 	[LootingBots-ServerMod] Global config DiscardLimitsEnabled set to false
[2025-07-29T20:13:54.127Z] error: 	Порт 6969 уже используется, проверьте, не запущен ли уже сервер [listen EADDRINUSE: address already in use 0.0.0.0:6969]
[2025-07-29T20:13:54.128Z] error: 	Error: listen EADDRINUSE: address already in use 0.0.0.0:6969
[2025-07-29T20:13:54.128Z] error: 	Error: listen EADDRINUSE: address already in use 0.0.0.0:6969
[2025-07-29T20:13:54.128Z] error: 	Error: listen EADDRINUSE: address already in use 0.0.0.0:6969
    at Server.setupListenHandle [as _listen2] (node:net:1912:16)
    at listenInCluster (node:net:1969:12)
    at node:net:2178:7
    at processTicksAndRejections (node:internal/process/task_queues:90:21)
[2025-07-29T20:13:54.128Z] error: 	Error: listen EADDRINUSE: address already in use 0.0.0.0:6969
    at Server.setupListenHandle [as _listen2] (node:net:1912:16)
    at listenInCluster (node:net:1969:12)
    at node:net:2178:7
    at processTicksAndRejections (node:internal/process/task_queues:90:21)
[2025-07-29T20:13:54.189Z] debug: 	Profile backup created: user\profiles\backups\2025-07-29_22-13-54
[2025-07-29T20:13:54.191Z] debug: 	Loading 1 profile took 0.976ms
[2025-07-29T20:13:54.524Z] info: 	[Questing Bots] Removed 154 blacklisted brain types from being used for PMC's and Player Scav's
[2025-07-29T20:13:54.525Z] info: 	[Questing Bots] Configuring game for bot spawning...
[2025-07-29T20:13:54.525Z] info: 	[Questing Bots] Adjusting bot hostility chances...
[2025-07-29T20:13:54.526Z] info: 	[Questing Bots] Adjusting bot hostility chances...done.
[2025-07-29T20:13:54.526Z] info: 	[Questing Bots] Disabled 136 custom PMC waves
[2025-07-29T20:13:54.526Z] info: 	[Questing Bots] Removed SPT Rogue spawn delay
[2025-07-29T20:13:54.526Z] info: 	[Questing Bots] Configuring game for bot spawning...done.
[2025-07-29T20:13:58.443Z] debug: 	Saving 1 profile took 73.899ms
[2025-07-29T20:14:10.906Z] debug: 	Importing configs...
[2025-07-29T20:14:10.941Z] info: 	Commit hash: 7a9a346bb2a08bffb965150784ca7869741804b1
[2025-07-29T20:14:10.942Z] info: 	Build date: 1744140374083
[2025-07-29T20:14:10.959Z] info: 	Загрузчик модов: загружаем 4 мод(ов/а)...
[2025-07-29T20:14:10.964Z] debug: 	Загрузчик модов: Мод Skwizzy-LootingBots-ServerMod отсутствует в файле order.json
[2025-07-29T20:14:10.964Z] debug: 	Загрузчик модов: Мод fika-server отсутствует в файле order.json
[2025-07-29T20:14:10.964Z] debug: 	Загрузчик модов: Мод zSolarint-SAIN-ServerMod отсутствует в файле order.json
[2025-07-29T20:14:10.980Z] info: 	Мод SPTQuestingBots версии 0.10.2 от DanW загружен
[2025-07-29T20:14:10.981Z] info: 	Мод LootingBots-ServerMod версии 1.5.2 от Skwizzy загружен
[2025-07-29T20:14:10.981Z] info: 	Мод server версии 2.4.8 от Fika загружен
[2025-07-29T20:14:10.981Z] info: 	Мод SAIN версии 4.1.1 от zSolarint загружен
[2025-07-29T20:14:11.034Z] info: 	[Fika Server] Overriding SPT configuration
[2025-07-29T20:14:11.045Z] info: 	Сервер: выполняем начальные коллбэки...
[2025-07-29T20:14:11.045Z] debug: 	OS: x64 | Windows 10 Pro | win32
[2025-07-29T20:14:11.046Z] debug: 	CPU: 12th Gen Intel(R) Core(TM) i7-12700F cores: 20
[2025-07-29T20:14:11.046Z] debug: 	RAM: 31.84GB
[2025-07-29T20:14:11.046Z] debug: 	PATH: RTpcU1BUXFNQVC5TZXJ2ZXIuZXhl
[2025-07-29T20:14:11.046Z] debug: 	PATH: RTpcU1BUXFNQVC5TZXJ2ZXIuZXhl
[2025-07-29T20:14:11.046Z] debug: 	Server: 3.11.3
[2025-07-29T20:14:11.046Z] debug: 	Node: 22.12.0
[2025-07-29T20:14:11.046Z] debug: 	Date: 1744140374083
[2025-07-29T20:14:11.046Z] debug: 	Commit: 7a9a346bb2a08bffb965150784ca7869741804b1
[2025-07-29T20:14:11.049Z] info: 	Импортируем базу данных...
[2025-07-29T20:14:11.115Z] debug: 	Ошибка проверки файлов для файла: SPT_Data/Server/database/locales/server/ru.json
[2025-07-29T20:14:15.014Z] info: 	Импорт базы данных завершен.
[2025-07-29T20:14:15.015Z] debug: 	Database import took 3.9664s
[2025-07-29T20:14:15.030Z] debug: 	Database ID validation took 2.118ms
[2025-07-29T20:14:15.035Z] info: 	[LootingBots-ServerMod] Marking items with DiscardLimits as InsuranceDisabled
[2025-07-29T20:14:15.043Z] info: 	[LootingBots-ServerMod] Global config DiscardLimitsEnabled set to false
[2025-07-29T20:14:15.071Z] succ: 	Запускаем веб-сервер на https://0.0.0.0:6969
[2025-07-29T20:14:15.071Z] succ: 	Запустили веб-сокет на wss://0.0.0.0:6969
[2025-07-29T20:14:15.071Z] succ: 	Сервер запущен, Удачной игры!!
[2025-07-29T20:14:15.149Z] debug: 	Profile backup created: user\profiles\backups\2025-07-29_22-14-15
[2025-07-29T20:14:15.152Z] debug: 	Loading 1 profile took 1.649ms
[2025-07-29T20:14:15.501Z] info: 	[Questing Bots] Removed 154 blacklisted brain types from being used for PMC's and Player Scav's
[2025-07-29T20:14:15.502Z] info: 	[Questing Bots] Configuring game for bot spawning...
[2025-07-29T20:14:15.502Z] info: 	[Questing Bots] Adjusting bot hostility chances...
[2025-07-29T20:14:15.502Z] info: 	[Questing Bots] Adjusting bot hostility chances...done.
[2025-07-29T20:14:15.502Z] info: 	[Questing Bots] Disabled 136 custom PMC waves
[2025-07-29T20:14:15.503Z] info: 	[Questing Bots] Removed SPT Rogue spawn delay
[2025-07-29T20:14:15.503Z] info: 	[Questing Bots] Configuring game for bot spawning...done.
[2025-07-29T20:14:23.453Z] debug: 	Saving 1 profile took 263.999ms
[2025-07-29T20:14:43.210Z] debug: 	Saving 1 profile took 3.523ms
[2025-07-29T20:15:03.252Z] debug: 	Saving 1 profile took 0.967ms
[2025-07-29T20:15:23.288Z] debug: 	Saving 1 profile took 0.975ms
[2025-07-29T20:15:43.336Z] debug: 	Saving 1 profile took 1.056ms
[2025-07-29T20:16:03.363Z] debug: 	Saving 1 profile took 1.576ms
[2025-07-29T20:16:23.400Z] debug: 	Saving 1 profile took 1.55ms
[2025-07-29T20:16:43.433Z] debug: 	Saving 1 profile took 0.908ms
[2025-07-29T20:17:03.473Z] debug: 	Saving 1 profile took 1.033ms
[2025-07-29T20:17:23.503Z] debug: 	Saving 1 profile took 1.012ms
[2025-07-29T20:17:43.533Z] debug: 	Saving 1 profile took 0.861ms
[2025-07-29T20:18:03.566Z] debug: 	Saving 1 profile took 1.433ms
[2025-07-29T20:18:23.584Z] debug: 	Saving 1 profile took 2.213ms
[2025-07-29T20:18:43.607Z] debug: 	Saving 1 profile took 1.251ms
[2025-07-29T20:19:03.657Z] debug: 	Saving 1 profile took 1.402ms
[2025-07-29T20:19:23.687Z] debug: 	Saving 1 profile took 0.899ms
[2025-07-29T20:19:43.717Z] debug: 	Saving 1 profile took 0.924ms
[2025-07-29T20:20:03.742Z] debug: 	Saving 1 profile took 0.871ms
[2025-07-29T20:20:22.164Z] info: 	[Fika Server] Configuration hot-reloaded successfully
[2025-07-29T20:20:23.785Z] debug: 	Saving 1 profile took 0.873ms
[2025-07-29T20:20:37.017Z] info: 	[Fika Server] Configuration hot-reloaded successfully
[2025-07-29T20:20:43.318Z] debug: 	Importing configs...
[2025-07-29T20:20:43.353Z] info: 	Commit hash: 7a9a346bb2a08bffb965150784ca7869741804b1
[2025-07-29T20:20:43.354Z] info: 	Build date: 1744140374083
[2025-07-29T20:20:43.372Z] info: 	Загрузчик модов: загружаем 4 мод(ов/а)...
[2025-07-29T20:20:43.376Z] debug: 	Загрузчик модов: Мод Skwizzy-LootingBots-ServerMod отсутствует в файле order.json
[2025-07-29T20:20:43.376Z] debug: 	Загрузчик модов: Мод fika-server отсутствует в файле order.json
[2025-07-29T20:20:43.376Z] debug: 	Загрузчик модов: Мод zSolarint-SAIN-ServerMod отсутствует в файле order.json
[2025-07-29T20:20:43.394Z] info: 	Мод SPTQuestingBots версии 0.10.2 от DanW загружен
[2025-07-29T20:20:43.394Z] info: 	Мод LootingBots-ServerMod версии 1.5.2 от Skwizzy загружен
[2025-07-29T20:20:43.394Z] info: 	Мод server версии 2.4.8 от Fika загружен
[2025-07-29T20:20:43.394Z] info: 	Мод SAIN версии 4.1.1 от zSolarint загружен
[2025-07-29T20:20:43.449Z] info: 	[Fika Server] Overriding SPT configuration
[2025-07-29T20:20:43.460Z] info: 	Сервер: выполняем начальные коллбэки...
[2025-07-29T20:20:43.460Z] debug: 	OS: x64 | Windows 10 Pro | win32
[2025-07-29T20:20:43.461Z] debug: 	CPU: 12th Gen Intel(R) Core(TM) i7-12700F cores: 20
[2025-07-29T20:20:43.461Z] debug: 	RAM: 31.84GB
[2025-07-29T20:20:43.461Z] debug: 	PATH: RTpcU1BUXFNQVC5TZXJ2ZXIuZXhl
[2025-07-29T20:20:43.461Z] debug: 	PATH: RTpcU1BUXFNQVC5TZXJ2ZXIuZXhl
[2025-07-29T20:20:43.461Z] debug: 	Server: 3.11.3
[2025-07-29T20:20:43.461Z] debug: 	Node: 22.12.0
[2025-07-29T20:20:43.461Z] debug: 	Date: 1744140374083
[2025-07-29T20:20:43.461Z] debug: 	Commit: 7a9a346bb2a08bffb965150784ca7869741804b1
[2025-07-29T20:20:43.463Z] info: 	Импортируем базу данных...
[2025-07-29T20:20:43.529Z] debug: 	Ошибка проверки файлов для файла: SPT_Data/Server/database/locales/server/ru.json
[2025-07-29T20:20:48.088Z] info: 	Импорт базы данных завершен.
[2025-07-29T20:20:48.088Z] debug: 	Database import took 4.6246s
[2025-07-29T20:20:48.103Z] debug: 	Database ID validation took 1.982ms
[2025-07-29T20:20:48.108Z] info: 	[LootingBots-ServerMod] Marking items with DiscardLimits as InsuranceDisabled
[2025-07-29T20:20:48.120Z] info: 	[LootingBots-ServerMod] Global config DiscardLimitsEnabled set to false
[2025-07-29T20:20:48.153Z] succ: 	Запускаем веб-сервер на https://127.0.0.1:6969
[2025-07-29T20:20:48.153Z] succ: 	Запустили веб-сокет на wss://127.0.0.1:6969
[2025-07-29T20:20:48.153Z] succ: 	Сервер запущен, Удачной игры!!
[2025-07-29T20:20:48.221Z] debug: 	Profile backup created: user\profiles\backups\2025-07-29_22-20-48
[2025-07-29T20:20:48.223Z] debug: 	Loading 1 profile took 1.141ms
[2025-07-29T20:20:48.579Z] info: 	[Questing Bots] Removed 154 blacklisted brain types from being used for PMC's and Player Scav's
[2025-07-29T20:20:48.579Z] info: 	[Questing Bots] Configuring game for bot spawning...
[2025-07-29T20:20:48.579Z] info: 	[Questing Bots] Adjusting bot hostility chances...
[2025-07-29T20:20:48.580Z] info: 	[Questing Bots] Adjusting bot hostility chances...done.
[2025-07-29T20:20:48.580Z] info: 	[Questing Bots] Disabled 136 custom PMC waves
[2025-07-29T20:20:48.580Z] info: 	[Questing Bots] Removed SPT Rogue spawn delay
[2025-07-29T20:20:48.580Z] info: 	[Questing Bots] Configuring game for bot spawning...done.
[2025-07-29T20:20:56.826Z] debug: 	Saving 1 profile took 625.449ms
[2025-07-29T20:21:16.236Z] debug: 	Saving 1 profile took 1.252ms
[2025-07-29T20:21:36.285Z] debug: 	Saving 1 profile took 1.964ms
